
floader825x.abs:     file format elf32-littletc32
floader825x.abs
architecture: tc32, flags 0x00000112:
EXEC_P, HAS_SYMS, D_PAGED
start address 0x00000000

Program Header:
    LOAD off    0x00008000 vaddr 0x00000000 paddr 0x00000000 align 2**15
         filesz 0x000004a4 memsz 0x000004a4 flags r-x
    LOAD off    0x00008e00 vaddr 0x00840e00 paddr 0x00840e00 align 2**15
         filesz 0x00000000 memsz 0x00003010 flags rw-
private flags = 0: [APCS-32] [FPA float format]

Sections:
Idx Name          Size      VMA       LMA       File off  Algn
  0 .vectors      00000054  00000000  00000000  00008000  2**2
                  CONTENTS, ALLOC, LOAD, READONLY, CODE
  1 .ram_code     00000450  00000054  00000054  00008054  2**2
                  CONTENTS, ALLOC, LOAD, READONLY, CODE
  2 .bss          00003010  00840e00  00840e00  00008e00  2**2
                  ALLOC
  3 .comment      0000001a  00000000  00000000  000084a4  2**0
                  CONTENTS, READONLY
  4 .TC32.attributes 00000010  00000000  00000000  000084be  2**0
                  CONTENTS, READONLY
SYMBOL TABLE:
00000000 l    d  .vectors	00000000 .vectors
00000054 l    d  .ram_code	00000000 .ram_code
00840e00 l    d  .bss	00000000 .bss
00000000 l    d  .comment	00000000 .comment
00000000 l    d  .TC32.attributes	00000000 .TC32.attributes
00000180 l       *ABS*	00000000 IRQ_STK_SIZE
00000044 l       .vectors	00000000 DAT0
00000036 l       .vectors	00000000 ZERO
00000040 l       .vectors	00000000 ZERO_END
00000054 l       .vectors	00000000 ASMEND
00000000 l    df *ABS*	00000000 main.c
00000000 l    df *ABS*	00000000 sleep.c
00000000 l    df *ABS*	00000000 analog.c
00000000 l    df *ABS*	00000000 flash.c
000002c4 l     F .ram_code	00000040 flash_send_addr
00000304 l     F .ram_code	0000002c flash_send_cmd
00000330 l     F .ram_code	00000044 flash_wait_done
00840e00 g     O .bss	00000010 ext
00843e10 g       *ABS*	00000000 _end_bss_
000003f0 g     F .ram_code	00000060 flash_read_page
000004a4 g       *ABS*	00000000 _bin_size_
00000020 g       .vectors	00000000 __reset
000004a4 g       *ABS*	00000000 _code_size_
00840e00 g       .ram_code	00000000 _end_data_
00840e10 g     O .bss	00003000 buff
00840e00 g       .bss	00000000 _start_bss_
000003a4 g     F .ram_code	0000004c flash_write_page
00000000 g       .vectors	00000000 __start
00000054 g     F .ram_code	0000002c flash_write_sector
00840e00 g       .ram_code	00000000 _start_data_
000001d4 g     F .ram_code	00000014 sleep_us
00008000 g       *ABS*	00000000 __RAM_SIZE_MAX
0000025c g     F .ram_code	0000003c analog_write_blk
00000080 g     F .ram_code	00000154 main
00000298 g     F .ram_code	0000002c analog_write
0000022c g     F .ram_code	00000030 analog_read
00000050 g       *ABS*	00000000 _ramcode_size_div_16_
000001e8 g     F .ram_code	00000044 analog_read_blk
000004a4 g       *ABS*	00000000 _dstored_
00840000 g       *ABS*	00000000 __RAM_START_ADDR
00000374 g     F .ram_code	00000030 flash_erase_sector
00000450 g     F .ram_code	00000054 flash_get_jedec_id



Disassembly of section .vectors:

00000000 <__start>:
   0:	800e      	tj.n	20 <__reset>
   2:	0e001234 	undefined instruction 0x0e001234
   6:	4e4b0084 	undefined instruction 0x4e4b0084
   a:	0050544c 	tsubseq	r5, r0, ip, asr #8
   e:	80060088 	tandhi	r0, r6, r8, lsl #1
  12:	0000      	tands	r0, r0
  14:	0000      	tands	r0, r0
  16:	0000      	tands	r0, r0
  18:	000004a4 	tandeq	r0, r0, r4, lsr #9
  1c:	00000000 	tandeq	r0, r0, r0

00000020 <__reset>:
  20:	a012      	tmovs	r0, #18
  22:	6bc0      	tmcsr	r0
  24:	0807      	tloadr	r0, [pc, #28]	; (44 <DAT0>)
  26:	0685      	tmov	sp, r0
  28:	a013      	tmovs	r0, #19
  2a:	6bc0      	tmcsr	r0
  2c:	0806      	tloadr	r0, [pc, #24]	; (48 <DAT0+0x4>)
  2e:	0685      	tmov	sp, r0
  30:	a000      	tmovs	r0, #0
  32:	0906      	tloadr	r1, [pc, #24]	; (4c <DAT0+0x8>)
  34:	0a06      	tloadr	r2, [pc, #24]	; (50 <_ramcode_size_div_16_>)

00000036 <ZERO>:
  36:	0291      	tcmp	r1, r2
  38:	ca02      	tjge.n	40 <ZERO_END>
  3a:	5008      	tstorer	r0, [r1, #0]
  3c:	b104      	tadds	r1, #4
  3e:	87fa      	tj.n	36 <ZERO>

00000040 <ZERO_END>:
  40:	9000 981e 	tjl	80 <main>

00000044 <DAT0>:
  44:	00848000 	taddeq	r8, r4, r0
  48:	00847e80 	taddeq	r7, r4, r0, lsl #29
  4c:	00840e00 	taddeq	r0, r4, r0, lsl #28
  50:	00843e10 	taddeq	r3, r4, r0, lsl lr

Disassembly of section .ram_code:

00000054 <flash_write_sector>:
flash_write_sector():
  54:	65f0      	tpush	{r4, r5, r6, r7, lr}
  56:	ec07      	tadds	r7, r0, #0
  58:	ec0d      	tadds	r5, r1, #0
  5a:	ec16      	tadds	r6, r2, #0
  5c:	a900      	tcmp	r1, #0
  5e:	c00e      	tjeq.n	7e <flash_write_sector+0x2a>
  60:	a480      	tmovs	r4, #128	; 0x80
  62:	f064      	tshftls	r4, r4, #1
  64:	02ac      	tcmp	r4, r5
  66:	c900      	tjls.n	6a <flash_write_sector+0x16>
  68:	ec2c      	tadds	r4, r5, #0
  6a:	ec38      	tadds	r0, r7, #0
  6c:	ec21      	tadds	r1, r4, #0
  6e:	ec32      	tadds	r2, r6, #0
  70:	9000 9998 	tjl	3a4 <flash_write_page>
  74:	e93f      	tadds	r7, r7, r4
  76:	e936      	tadds	r6, r6, r4
  78:	eb2d      	tsubs	r5, r5, r4
  7a:	ad00      	tcmp	r5, #0
  7c:	c1f2      	tjne.n	64 <flash_write_sector+0x10>
  7e:	6df0      	tpop	{r4, r5, r6, r7, pc}

00000080 <main>:
main():
  80:	6530      	tpush	{r4, r5, lr}
  82:	6081      	tsub	sp, #4
  84:	a200      	tmovs	r2, #0
  86:	0b4c      	tloadr	r3, [pc, #304]	; (1b8 <IRQ_STK_SIZE+0x38>)
  88:	401a      	tstorerb	r2, [r3, #0]
  8a:	a3ff      	tmovs	r3, #255	; 0xff
  8c:	f61b      	tshftls	r3, r3, #24
  8e:	094b      	tloadr	r1, [pc, #300]	; (1bc <IRQ_STK_SIZE+0x3c>)
  90:	500b      	tstorer	r3, [r1, #0]
  92:	a183      	tmovs	r1, #131	; 0x83
  94:	0b4a      	tloadr	r3, [pc, #296]	; (1c0 <IRQ_STK_SIZE+0x40>)
  96:	4019      	tstorerb	r1, [r3, #0]
  98:	a10f      	tmovs	r1, #15
  9a:	b301      	tadds	r3, #1
  9c:	4019      	tstorerb	r1, [r3, #0]
  9e:	a130      	tmovs	r1, #48	; 0x30
  a0:	b301      	tadds	r3, #1
  a2:	4019      	tstorerb	r1, [r3, #0]
  a4:	a186      	tmovs	r1, #134	; 0x86
  a6:	b301      	tadds	r3, #1
  a8:	4019      	tstorerb	r1, [r3, #0]
  aa:	b30a      	tadds	r3, #10
  ac:	401a      	tstorerb	r2, [r3, #0]
  ae:	a082      	tmovs	r0, #130	; 0x82
  b0:	a164      	tmovs	r1, #100	; 0x64
  b2:	9000 98f1 	tjl	298 <analog_write>
  b6:	a052      	tmovs	r0, #82	; 0x52
  b8:	a180      	tmovs	r1, #128	; 0x80
  ba:	9000 98ed 	tjl	298 <analog_write>
  be:	a00b      	tmovs	r0, #11
  c0:	a138      	tmovs	r1, #56	; 0x38
  c2:	9000 98e9 	tjl	298 <analog_write>
  c6:	a08c      	tmovs	r0, #140	; 0x8c
  c8:	a102      	tmovs	r1, #2
  ca:	9000 98e5 	tjl	298 <analog_write>
  ce:	a002      	tmovs	r0, #2
  d0:	a1a2      	tmovs	r1, #162	; 0xa2
  d2:	9000 98e1 	tjl	298 <analog_write>
  d6:	a380      	tmovs	r3, #128	; 0x80
  d8:	f05b      	tshftls	r3, r3, #1
  da:	0a3a      	tloadr	r2, [pc, #232]	; (1c4 <IRQ_STK_SIZE+0x44>)
  dc:	2013      	tstorerh	r3, [r2, #0]
  de:	a0c8      	tmovs	r0, #200	; 0xc8
  e0:	a180      	tmovs	r1, #128	; 0x80
  e2:	9000 98d9 	tjl	298 <analog_write>
  e6:	a030      	tmovs	r0, #48	; 0x30
  e8:	9000 98a0 	tjl	22c <analog_read>
  ec:	a380      	tmovs	r3, #128	; 0x80
  ee:	025b      	tnegs	r3, r3
  f0:	ec19      	tadds	r1, r3, #0
  f2:	0301      	tors	r1, r0
  f4:	f609      	tshftls	r1, r1, #24
  f6:	fe09      	tshftrs	r1, r1, #24
  f8:	a030      	tmovs	r0, #48	; 0x30
  fa:	9000 98cd 	tjl	298 <analog_write>
  fe:	a0c7      	tmovs	r0, #199	; 0xc7
 100:	a10e      	tmovs	r1, #14
 102:	9000 98c9 	tjl	298 <analog_write>
 106:	a0c7      	tmovs	r0, #199	; 0xc7
 108:	a10f      	tmovs	r1, #15
 10a:	9000 98c5 	tjl	298 <analog_write>
 10e:	a0cf      	tmovs	r0, #207	; 0xcf
 110:	9000 988c 	tjl	22c <analog_read>
 114:	f603      	tshftls	r3, r0, #24
 116:	c5fa      	tjpl.n	10e <main+0x8e>
 118:	a0cb      	tmovs	r0, #203	; 0xcb
 11a:	9000 9887 	tjl	22c <analog_read>
 11e:	ec01      	tadds	r1, r0, #0
 120:	a033      	tmovs	r0, #51	; 0x33
 122:	9000 98b9 	tjl	298 <analog_write>
 126:	a030      	tmovs	r0, #48	; 0x30
 128:	9000 9880 	tjl	22c <analog_read>
 12c:	a17f      	tmovs	r1, #127	; 0x7f
 12e:	0001      	tands	r1, r0
 130:	a030      	tmovs	r0, #48	; 0x30
 132:	9000 98b1 	tjl	298 <analog_write>
 136:	a0c7      	tmovs	r0, #199	; 0xc7
 138:	a10e      	tmovs	r1, #14
 13a:	9000 98ad 	tjl	298 <analog_write>
 13e:	a201      	tmovs	r2, #1
 140:	0b21      	tloadr	r3, [pc, #132]	; (1c8 <IRQ_STK_SIZE+0x48>)
 142:	401a      	tstorerb	r2, [r3, #0]
 144:	0c21      	tloadr	r4, [pc, #132]	; (1cc <IRQ_STK_SIZE+0x4c>)
 146:	a200      	tmovs	r2, #0
 148:	5022      	tstorer	r2, [r4, #0]
 14a:	0b21      	tloadr	r3, [pc, #132]	; (1d0 <IRQ_STK_SIZE+0x50>)
 14c:	5063      	tstorer	r3, [r4, #4]
 14e:	a3c0      	tmovs	r3, #192	; 0xc0
 150:	f19b      	tshftls	r3, r3, #6
 152:	2123      	tstorerh	r3, [r4, #8]
 154:	a39f      	tmovs	r3, #159	; 0x9f
 156:	2163      	tstorerh	r3, [r4, #10]
 158:	a305      	tmovs	r3, #5
 15a:	21a3      	tstorerh	r3, [r4, #12]
 15c:	21e2      	tstorerh	r2, [r4, #14]
 15e:	066d      	tmov	r5, sp
 160:	b502      	tadds	r5, #2
 162:	a301      	tmovs	r3, #1
 164:	025b      	tnegs	r3, r3
 166:	202b      	tstorerh	r3, [r5, #0]
 168:	29a2      	tloadrh	r2, [r4, #12]
 16a:	282b      	tloadrh	r3, [r5, #0]
 16c:	029a      	tcmp	r2, r3
 16e:	c0fb      	tjeq.n	168 <main+0xe8>
 170:	29a3      	tloadrh	r3, [r4, #12]
 172:	202b      	tstorerh	r3, [r5, #0]
 174:	2963      	tloadrh	r3, [r4, #10]
 176:	ab03      	tcmp	r3, #3
 178:	c017      	tjeq.n	1aa <IRQ_STK_SIZE+0x2a>
 17a:	ab03      	tcmp	r3, #3
 17c:	c809      	tjhi.n	192 <IRQ_STK_SIZE+0x12>
 17e:	ab02      	tcmp	r3, #2
 180:	c104      	tjne.n	18c <IRQ_STK_SIZE+0xc>
 182:	5820      	tloadr	r0, [r4, #0]
 184:	2921      	tloadrh	r1, [r4, #8]
 186:	5862      	tloadr	r2, [r4, #4]
 188:	97ff 9f64 	tjl	54 <flash_write_sector>
 18c:	282b      	tloadrh	r3, [r5, #0]
 18e:	21e3      	tstorerh	r3, [r4, #14]
 190:	87ea      	tj.n	168 <main+0xe8>
 192:	ab20      	tcmp	r3, #32
 194:	c005      	tjeq.n	1a2 <IRQ_STK_SIZE+0x22>
 196:	ab9f      	tcmp	r3, #159	; 0x9f
 198:	c1f8      	tjne.n	18c <IRQ_STK_SIZE+0xc>
 19a:	9000 9959 	tjl	450 <flash_get_jedec_id>
 19e:	5020      	tstorer	r0, [r4, #0]
 1a0:	87f4      	tj.n	18c <IRQ_STK_SIZE+0xc>
 1a2:	5820      	tloadr	r0, [r4, #0]
 1a4:	9000 98e6 	tjl	374 <flash_erase_sector>
 1a8:	87f0      	tj.n	18c <IRQ_STK_SIZE+0xc>
 1aa:	5820      	tloadr	r0, [r4, #0]
 1ac:	2921      	tloadrh	r1, [r4, #8]
 1ae:	5862      	tloadr	r2, [r4, #4]
 1b0:	9000 991e 	tjl	3f0 <flash_read_page>
 1b4:	87ea      	tj.n	18c <IRQ_STK_SIZE+0xc>
 1b6:	46c0      	tnop			; (mov r8, r8)
 1b8:	00800643 	taddeq	r0, r0, r3, asr #12
 1bc:	00800060 	taddeq	r0, r0, r0, rrx
 1c0:	00800063 	taddeq	r0, r0, r3, rrx
 1c4:	00800c20 	taddeq	r0, r0, r0, lsr #24
 1c8:	0080074f 	taddeq	r0, r0, pc, asr #14
 1cc:	00840e00 	taddeq	r0, r4, r0, lsl #28
 1d0:	00840e10 	taddeq	r0, r4, r0, lsl lr

000001d4 <sleep_us>:
sleep_us():
 1d4:	0a03      	tloadr	r2, [pc, #12]	; (1e4 <sleep_us+0x10>)
 1d6:	5811      	tloadr	r1, [r2, #0]
 1d8:	f100      	tshftls	r0, r0, #4
 1da:	5813      	tloadr	r3, [r2, #0]
 1dc:	ea5b      	tsubs	r3, r3, r1
 1de:	0298      	tcmp	r0, r3
 1e0:	c2fb      	tjcs.n	1da <sleep_us+0x6>
 1e2:	0770      	tjex	lr
 1e4:	00800740 	taddeq	r0, r0, r0, asr #14

000001e8 <analog_read_blk>:
analog_read_blk():
 1e8:	65f0      	tpush	{r4, r5, r6, r7, lr}
 1ea:	f600      	tshftls	r0, r0, #24
 1ec:	fe04      	tshftrs	r4, r0, #24
 1ee:	080c      	tloadr	r0, [pc, #48]	; (220 <analog_read_blk+0x38>)
 1f0:	a300      	tmovs	r3, #0
 1f2:	4003      	tstorerb	r3, [r0, #0]
 1f4:	0b0b      	tloadr	r3, [pc, #44]	; (224 <analog_read_blk+0x3c>)
 1f6:	401c      	tstorerb	r4, [r3, #0]
 1f8:	aa00      	tcmp	r2, #0
 1fa:	c00d      	tjeq.n	218 <analog_read_blk+0x30>
 1fc:	a500      	tmovs	r5, #0
 1fe:	a740      	tmovs	r7, #64	; 0x40
 200:	027f      	tnegs	r7, r7
 202:	a401      	tmovs	r4, #1
 204:	0e08      	tloadr	r6, [pc, #32]	; (228 <analog_read_blk+0x40>)
 206:	4007      	tstorerb	r7, [r0, #0]
 208:	4803      	tloadrb	r3, [r0, #0]
 20a:	021c      	tnand	r4, r3
 20c:	c1fc      	tjne.n	208 <analog_read_blk+0x20>
 20e:	4833      	tloadrb	r3, [r6, #0]
 210:	154b      	tstorerb	r3, [r1, r5]
 212:	b501      	tadds	r5, #1
 214:	0295      	tcmp	r5, r2
 216:	c1f6      	tjne.n	206 <analog_read_blk+0x1e>
 218:	a200      	tmovs	r2, #0
 21a:	0b01      	tloadr	r3, [pc, #4]	; (220 <analog_read_blk+0x38>)
 21c:	401a      	tstorerb	r2, [r3, #0]
 21e:	6df0      	tpop	{r4, r5, r6, r7, pc}
 220:	008000ba 	tstorerheq	r0, [r0], sl
 224:	008000b8 	tstorerheq	r0, [r0], r8
 228:	008000b9 	tstorerheq	r0, [r0], r9

0000022c <analog_read>:
analog_read():
 22c:	f600      	tshftls	r0, r0, #24
 22e:	fe00      	tshftrs	r0, r0, #24
 230:	0907      	tloadr	r1, [pc, #28]	; (250 <analog_read+0x24>)
 232:	a300      	tmovs	r3, #0
 234:	400b      	tstorerb	r3, [r1, #0]
 236:	0b07      	tloadr	r3, [pc, #28]	; (254 <analog_read+0x28>)
 238:	4018      	tstorerb	r0, [r3, #0]
 23a:	a3c0      	tmovs	r3, #192	; 0xc0
 23c:	400b      	tstorerb	r3, [r1, #0]
 23e:	a201      	tmovs	r2, #1
 240:	480b      	tloadrb	r3, [r1, #0]
 242:	0013      	tands	r3, r2
 244:	c1fc      	tjne.n	240 <analog_read+0x14>
 246:	0a04      	tloadr	r2, [pc, #16]	; (258 <analog_read+0x2c>)
 248:	4810      	tloadrb	r0, [r2, #0]
 24a:	b201      	tadds	r2, #1
 24c:	4013      	tstorerb	r3, [r2, #0]
 24e:	0770      	tjex	lr
 250:	008000ba 	tstorerheq	r0, [r0], sl
 254:	008000b8 	tstorerheq	r0, [r0], r8
 258:	008000b9 	tstorerheq	r0, [r0], r9

0000025c <analog_write_blk>:
analog_write_blk():
 25c:	6570      	tpush	{r4, r5, r6, lr}
 25e:	f600      	tshftls	r0, r0, #24
 260:	fe00      	tshftrs	r0, r0, #24
 262:	0b0a      	tloadr	r3, [pc, #40]	; (28c <analog_write_blk+0x30>)
 264:	4018      	tstorerb	r0, [r3, #0]
 266:	0e0a      	tloadr	r6, [pc, #40]	; (290 <analog_write_blk+0x34>)
 268:	080a      	tloadr	r0, [pc, #40]	; (294 <analog_write_blk+0x38>)
 26a:	a5e0      	tmovs	r5, #224	; 0xe0
 26c:	a401      	tmovs	r4, #1
 26e:	ba01      	tsubs	r2, #1
 270:	c308      	tjcc.n	284 <analog_write_blk+0x28>
 272:	480b      	tloadrb	r3, [r1, #0]
 274:	4033      	tstorerb	r3, [r6, #0]
 276:	b101      	tadds	r1, #1
 278:	4005      	tstorerb	r5, [r0, #0]
 27a:	4803      	tloadrb	r3, [r0, #0]
 27c:	021c      	tnand	r4, r3
 27e:	c1fc      	tjne.n	27a <analog_write_blk+0x1e>
 280:	ba01      	tsubs	r2, #1
 282:	c2f6      	tjcs.n	272 <analog_write_blk+0x16>
 284:	a200      	tmovs	r2, #0
 286:	0b03      	tloadr	r3, [pc, #12]	; (294 <analog_write_blk+0x38>)
 288:	401a      	tstorerb	r2, [r3, #0]
 28a:	6d70      	tpop	{r4, r5, r6, pc}
 28c:	008000b8 	tstorerheq	r0, [r0], r8
 290:	008000b9 	tstorerheq	r0, [r0], r9
 294:	008000ba 	tstorerheq	r0, [r0], sl

00000298 <analog_write>:
analog_write():
 298:	f600      	tshftls	r0, r0, #24
 29a:	fe00      	tshftrs	r0, r0, #24
 29c:	f609      	tshftls	r1, r1, #24
 29e:	fe09      	tshftrs	r1, r1, #24
 2a0:	0b06      	tloadr	r3, [pc, #24]	; (2bc <analog_write+0x24>)
 2a2:	4018      	tstorerb	r0, [r3, #0]
 2a4:	b301      	tadds	r3, #1
 2a6:	4019      	tstorerb	r1, [r3, #0]
 2a8:	0905      	tloadr	r1, [pc, #20]	; (2c0 <analog_write+0x28>)
 2aa:	a360      	tmovs	r3, #96	; 0x60
 2ac:	400b      	tstorerb	r3, [r1, #0]
 2ae:	a201      	tmovs	r2, #1
 2b0:	480b      	tloadrb	r3, [r1, #0]
 2b2:	0013      	tands	r3, r2
 2b4:	c1fc      	tjne.n	2b0 <analog_write+0x18>
 2b6:	0a02      	tloadr	r2, [pc, #8]	; (2c0 <analog_write+0x28>)
 2b8:	4013      	tstorerb	r3, [r2, #0]
 2ba:	0770      	tjex	lr
 2bc:	008000b8 	tstorerheq	r0, [r0], r8
 2c0:	008000ba 	tstorerheq	r0, [r0], sl

000002c4 <flash_send_addr>:
flash_send_addr():
 2c4:	f202      	tshftls	r2, r0, #8
 2c6:	fe12      	tshftrs	r2, r2, #24
 2c8:	0b0c      	tloadr	r3, [pc, #48]	; (2fc <flash_send_addr+0x38>)
 2ca:	401a      	tstorerb	r2, [r3, #0]
 2cc:	090c      	tloadr	r1, [pc, #48]	; (300 <flash_send_addr+0x3c>)
 2ce:	a210      	tmovs	r2, #16
 2d0:	480b      	tloadrb	r3, [r1, #0]
 2d2:	021a      	tnand	r2, r3
 2d4:	c1fc      	tjne.n	2d0 <flash_send_addr+0xc>
 2d6:	f402      	tshftls	r2, r0, #16
 2d8:	fe12      	tshftrs	r2, r2, #24
 2da:	0b08      	tloadr	r3, [pc, #32]	; (2fc <flash_send_addr+0x38>)
 2dc:	401a      	tstorerb	r2, [r3, #0]
 2de:	0908      	tloadr	r1, [pc, #32]	; (300 <flash_send_addr+0x3c>)
 2e0:	a210      	tmovs	r2, #16
 2e2:	480b      	tloadrb	r3, [r1, #0]
 2e4:	021a      	tnand	r2, r3
 2e6:	c1fc      	tjne.n	2e2 <flash_send_addr+0x1e>
 2e8:	f600      	tshftls	r0, r0, #24
 2ea:	fe00      	tshftrs	r0, r0, #24
 2ec:	0b03      	tloadr	r3, [pc, #12]	; (2fc <flash_send_addr+0x38>)
 2ee:	4018      	tstorerb	r0, [r3, #0]
 2f0:	0903      	tloadr	r1, [pc, #12]	; (300 <flash_send_addr+0x3c>)
 2f2:	a210      	tmovs	r2, #16
 2f4:	480b      	tloadrb	r3, [r1, #0]
 2f6:	021a      	tnand	r2, r3
 2f8:	c1fc      	tjne.n	2f4 <flash_send_addr+0x30>
 2fa:	0770      	tjex	lr
 2fc:	0080000c 	taddeq	r0, r0, ip
 300:	0080000d 	taddeq	r0, r0, sp

00000304 <flash_send_cmd>:
flash_send_cmd():
 304:	6530      	tpush	{r4, r5, lr}
 306:	ec05      	tadds	r5, r0, #0
 308:	0c07      	tloadr	r4, [pc, #28]	; (328 <flash_send_cmd+0x24>)
 30a:	a301      	tmovs	r3, #1
 30c:	4023      	tstorerb	r3, [r4, #0]
 30e:	a001      	tmovs	r0, #1
 310:	97ff 9f60 	tjl	1d4 <sleep_us>
 314:	a300      	tmovs	r3, #0
 316:	4023      	tstorerb	r3, [r4, #0]
 318:	0b04      	tloadr	r3, [pc, #16]	; (32c <flash_send_cmd+0x28>)
 31a:	401d      	tstorerb	r5, [r3, #0]
 31c:	a210      	tmovs	r2, #16
 31e:	4823      	tloadrb	r3, [r4, #0]
 320:	021a      	tnand	r2, r3
 322:	c1fc      	tjne.n	31e <flash_send_cmd+0x1a>
 324:	6d30      	tpop	{r4, r5, pc}
 326:	46c0      	tnop			; (mov r8, r8)
 328:	0080000d 	taddeq	r0, r0, sp
 32c:	0080000c 	taddeq	r0, r0, ip

00000330 <flash_wait_done>:
flash_wait_done():
 330:	6570      	tpush	{r4, r5, r6, lr}
 332:	a064      	tmovs	r0, #100	; 0x64
 334:	97ff 9f4e 	tjl	1d4 <sleep_us>
 338:	a005      	tmovs	r0, #5
 33a:	97ff 9fe3 	tjl	304 <flash_send_cmd>
 33e:	080a      	tloadr	r0, [pc, #40]	; (368 <flash_wait_done+0x38>)
 340:	0c0a      	tloadr	r4, [pc, #40]	; (36c <flash_wait_done+0x3c>)
 342:	a600      	tmovs	r6, #0
 344:	090a      	tloadr	r1, [pc, #40]	; (370 <flash_wait_done+0x40>)
 346:	a210      	tmovs	r2, #16
 348:	a501      	tmovs	r5, #1
 34a:	4026      	tstorerb	r6, [r4, #0]
 34c:	480b      	tloadrb	r3, [r1, #0]
 34e:	021a      	tnand	r2, r3
 350:	c1fc      	tjne.n	34c <flash_wait_done+0x1c>
 352:	4823      	tloadrb	r3, [r4, #0]
 354:	021d      	tnand	r5, r3
 356:	c002      	tjeq.n	35e <flash_wait_done+0x2e>
 358:	b801      	tsubs	r0, #1
 35a:	a800      	tcmp	r0, #0
 35c:	c1f5      	tjne.n	34a <flash_wait_done+0x1a>
 35e:	a201      	tmovs	r2, #1
 360:	0b03      	tloadr	r3, [pc, #12]	; (370 <flash_wait_done+0x40>)
 362:	401a      	tstorerb	r2, [r3, #0]
 364:	6d70      	tpop	{r4, r5, r6, pc}
 366:	46c0      	tnop			; (mov r8, r8)
 368:	00989680 	taddseq	r9, r8, r0, lsl #13
 36c:	0080000c 	taddeq	r0, r0, ip
 370:	0080000d 	taddeq	r0, r0, sp

00000374 <flash_erase_sector>:
flash_erase_sector():
 374:	6510      	tpush	{r4, lr}
 376:	ec04      	tadds	r4, r0, #0
 378:	a208      	tmovs	r2, #8
 37a:	0b08      	tloadr	r3, [pc, #32]	; (39c <flash_erase_sector+0x28>)
 37c:	401a      	tstorerb	r2, [r3, #0]
 37e:	a006      	tmovs	r0, #6
 380:	97ff 9fc0 	tjl	304 <flash_send_cmd>
 384:	a020      	tmovs	r0, #32
 386:	97ff 9fbd 	tjl	304 <flash_send_cmd>
 38a:	ec20      	tadds	r0, r4, #0
 38c:	97ff 9f9a 	tjl	2c4 <flash_send_addr>
 390:	a201      	tmovs	r2, #1
 392:	0b03      	tloadr	r3, [pc, #12]	; (3a0 <flash_erase_sector+0x2c>)
 394:	401a      	tstorerb	r2, [r3, #0]
 396:	97ff 9fcb 	tjl	330 <flash_wait_done>
 39a:	6d10      	tpop	{r4, pc}
 39c:	00800623 	taddeq	r0, r0, r3, lsr #12
 3a0:	0080000d 	taddeq	r0, r0, sp

000003a4 <flash_write_page>:
flash_write_page():
 3a4:	6570      	tpush	{r4, r5, r6, lr}
 3a6:	ec06      	tadds	r6, r0, #0
 3a8:	ec0c      	tadds	r4, r1, #0
 3aa:	ec15      	tadds	r5, r2, #0
 3ac:	a006      	tmovs	r0, #6
 3ae:	97ff 9fa9 	tjl	304 <flash_send_cmd>
 3b2:	a002      	tmovs	r0, #2
 3b4:	97ff 9fa6 	tjl	304 <flash_send_cmd>
 3b8:	ec30      	tadds	r0, r6, #0
 3ba:	97ff 9f83 	tjl	2c4 <flash_send_addr>
 3be:	ac00      	tcmp	r4, #0
 3c0:	c00b      	tjeq.n	3da <flash_write_page+0x36>
 3c2:	a000      	tmovs	r0, #0
 3c4:	0e08      	tloadr	r6, [pc, #32]	; (3e8 <flash_write_page+0x44>)
 3c6:	0909      	tloadr	r1, [pc, #36]	; (3ec <flash_write_page+0x48>)
 3c8:	a210      	tmovs	r2, #16
 3ca:	1c2b      	tloadrb	r3, [r5, r0]
 3cc:	4033      	tstorerb	r3, [r6, #0]
 3ce:	480b      	tloadrb	r3, [r1, #0]
 3d0:	021a      	tnand	r2, r3
 3d2:	c1fc      	tjne.n	3ce <flash_write_page+0x2a>
 3d4:	b001      	tadds	r0, #1
 3d6:	0284      	tcmp	r4, r0
 3d8:	c8f7      	tjhi.n	3ca <flash_write_page+0x26>
 3da:	a201      	tmovs	r2, #1
 3dc:	0b03      	tloadr	r3, [pc, #12]	; (3ec <flash_write_page+0x48>)
 3de:	401a      	tstorerb	r2, [r3, #0]
 3e0:	97ff 9fa6 	tjl	330 <flash_wait_done>
 3e4:	6d70      	tpop	{r4, r5, r6, pc}
 3e6:	46c0      	tnop			; (mov r8, r8)
 3e8:	0080000c 	taddeq	r0, r0, ip
 3ec:	0080000d 	taddeq	r0, r0, sp

000003f0 <flash_read_page>:
flash_read_page():
 3f0:	6570      	tpush	{r4, r5, r6, lr}
 3f2:	ec06      	tadds	r6, r0, #0
 3f4:	ec0c      	tadds	r4, r1, #0
 3f6:	ec15      	tadds	r5, r2, #0
 3f8:	a003      	tmovs	r0, #3
 3fa:	97ff 9f83 	tjl	304 <flash_send_cmd>
 3fe:	ec30      	tadds	r0, r6, #0
 400:	97ff 9f60 	tjl	2c4 <flash_send_addr>
 404:	a200      	tmovs	r2, #0
 406:	0b10      	tloadr	r3, [pc, #64]	; (448 <flash_read_page+0x58>)
 408:	401a      	tstorerb	r2, [r3, #0]
 40a:	0810      	tloadr	r0, [pc, #64]	; (44c <flash_read_page+0x5c>)
 40c:	a110      	tmovs	r1, #16
 40e:	0a0f      	tloadr	r2, [pc, #60]	; (44c <flash_read_page+0x5c>)
 410:	4803      	tloadrb	r3, [r0, #0]
 412:	0219      	tnand	r1, r3
 414:	c1fb      	tjne.n	40e <flash_read_page+0x1e>
 416:	a30a      	tmovs	r3, #10
 418:	4013      	tstorerb	r3, [r2, #0]
 41a:	a110      	tmovs	r1, #16
 41c:	4813      	tloadrb	r3, [r2, #0]
 41e:	0219      	tnand	r1, r3
 420:	c1fc      	tjne.n	41c <flash_read_page+0x2c>
 422:	ac00      	tcmp	r4, #0
 424:	c00b      	tjeq.n	43e <flash_read_page+0x4e>
 426:	a000      	tmovs	r0, #0
 428:	0e07      	tloadr	r6, [pc, #28]	; (448 <flash_read_page+0x58>)
 42a:	0908      	tloadr	r1, [pc, #32]	; (44c <flash_read_page+0x5c>)
 42c:	a210      	tmovs	r2, #16
 42e:	4833      	tloadrb	r3, [r6, #0]
 430:	142b      	tstorerb	r3, [r5, r0]
 432:	480b      	tloadrb	r3, [r1, #0]
 434:	021a      	tnand	r2, r3
 436:	c1fc      	tjne.n	432 <flash_read_page+0x42>
 438:	b001      	tadds	r0, #1
 43a:	0284      	tcmp	r4, r0
 43c:	c8f7      	tjhi.n	42e <flash_read_page+0x3e>
 43e:	a201      	tmovs	r2, #1
 440:	0b02      	tloadr	r3, [pc, #8]	; (44c <flash_read_page+0x5c>)
 442:	401a      	tstorerb	r2, [r3, #0]
 444:	6d70      	tpop	{r4, r5, r6, pc}
 446:	46c0      	tnop			; (mov r8, r8)
 448:	0080000c 	taddeq	r0, r0, ip
 44c:	0080000d 	taddeq	r0, r0, sp

00000450 <flash_get_jedec_id>:
flash_get_jedec_id():
 450:	6510      	tpush	{r4, lr}
 452:	a09f      	tmovs	r0, #159	; 0x9f
 454:	97ff 9f56 	tjl	304 <flash_send_cmd>
 458:	a200      	tmovs	r2, #0
 45a:	0b10      	tloadr	r3, [pc, #64]	; (49c <flash_get_jedec_id+0x4c>)
 45c:	401a      	tstorerb	r2, [r3, #0]
 45e:	0910      	tloadr	r1, [pc, #64]	; (4a0 <flash_get_jedec_id+0x50>)
 460:	a210      	tmovs	r2, #16
 462:	480b      	tloadrb	r3, [r1, #0]
 464:	0013      	tands	r3, r2
 466:	c1fc      	tjne.n	462 <flash_get_jedec_id+0x12>
 468:	0a0c      	tloadr	r2, [pc, #48]	; (49c <flash_get_jedec_id+0x4c>)
 46a:	4810      	tloadrb	r0, [r2, #0]
 46c:	4013      	tstorerb	r3, [r2, #0]
 46e:	090c      	tloadr	r1, [pc, #48]	; (4a0 <flash_get_jedec_id+0x50>)
 470:	a210      	tmovs	r2, #16
 472:	480b      	tloadrb	r3, [r1, #0]
 474:	0013      	tands	r3, r2
 476:	c1fc      	tjne.n	472 <flash_get_jedec_id+0x22>
 478:	0a08      	tloadr	r2, [pc, #32]	; (49c <flash_get_jedec_id+0x4c>)
 47a:	4814      	tloadrb	r4, [r2, #0]
 47c:	4013      	tstorerb	r3, [r2, #0]
 47e:	0908      	tloadr	r1, [pc, #32]	; (4a0 <flash_get_jedec_id+0x50>)
 480:	a210      	tmovs	r2, #16
 482:	480b      	tloadrb	r3, [r1, #0]
 484:	021a      	tnand	r2, r3
 486:	c1fc      	tjne.n	482 <flash_get_jedec_id+0x32>
 488:	0b04      	tloadr	r3, [pc, #16]	; (49c <flash_get_jedec_id+0x4c>)
 48a:	481b      	tloadrb	r3, [r3, #0]
 48c:	a101      	tmovs	r1, #1
 48e:	0a04      	tloadr	r2, [pc, #16]	; (4a0 <flash_get_jedec_id+0x50>)
 490:	4011      	tstorerb	r1, [r2, #0]
 492:	f600      	tshftls	r0, r0, #24
 494:	f422      	tshftls	r2, r4, #16
 496:	0310      	tors	r0, r2
 498:	0318      	tors	r0, r3
 49a:	6d10      	tpop	{r4, pc}
 49c:	0080000c 	taddeq	r0, r0, ip
 4a0:	0080000d 	taddeq	r0, r0, sp

Disassembly of section .bss:

00840e00 <_start_bss_>:
	...

00840e10 <buff>:
	...

Disassembly of section .comment:

00000000 <.comment>:
   0:	3a434347 	tjcc	10d0d24 <_end_bss_+0x88cf14>
   4:	4e472820 	undefined instruction 0x4e472820
   8:	34202955 	tstorertcc	r2, [r0], #-2389	; 0x955
   c:	312e352e 	teqcc	lr, lr, lsr #10
  10:	3363742d 	tcmpncc	r3, #754974720	; 0x2d000000
  14:	2e312d32 	undefined instruction 0x2e312d32
  18:	Address 0x00000018 is out of bounds.


Disassembly of section .TC32.attributes:

00000000 <.TC32.attributes>:
   0:	00000f41 	tandeq	r0, r0, r1, asr #30
   4:	61656100 	tcmpnvs	r5, r0, lsl #2
   8:	01006962 	tnandeq	r0, r2, ror #18
   c:	00000005 	tandeq	r0, r0, r5
